// Jest Snapshot v1, https://goo.gl/fbAQLP

exports[`<DateTimeInput /> renders 1`] = `
<div
  class="field"
>
  <label
    class="field__label"
    for="field_1"
  >
    Jawn
  </label>
  <input
    class="field__input"
    id="field_1"
    type="datetime-local"
    value="2001-01-01T00:00:00"
  />
</div>
`;
